I'm sorry, but errors were detected in your script. Please correct the
errors listed below, and try again.


File "game/test.rpy", line 38: invalid syntax
        global intro_0 = Node("You're in the testing stage now", test_nvl)
                        ^

Ren'Py Version: Ren'Py 8.2.0.24012702
Sun Feb 18 11:05:48 2024
